Rejection Probability Analysis
==============================

Small parameter tests (exact enumeration):

| γ1 | β | Exact | Approx | Error |
|------|------|---------|---------|--------|
|   100 |    5 | 0.05025 | 0.05000 | 0.50% |
|   100 |   10 | 0.10050 | 0.10000 | 0.50% |
|  1000 |   10 | 0.01001 | 0.01000 | 0.05% |
|  1000 |   50 | 0.05003 | 0.05000 | 0.05% |
| 10000 |  100 | 0.01000 | 0.01000 | 0.01% |

ML-DSA Parameter Analysis:

ML-DSA-44:
  γ1 = 131072, β = 78
  Per-coefficient rejection: 0.000595
  Total coefficients: 1024
  Vector rejection prob: 0.4564
  Expected attempts (z only): 1.84

ML-DSA-65:
  γ1 = 524288, β = 196
  Per-coefficient rejection: 0.000374
  Total coefficients: 1280
  Vector rejection prob: 0.3804
  Expected attempts (z only): 1.61

ML-DSA-87:
  γ1 = 524288, β = 120
  Per-coefficient rejection: 0.000229
  Total coefficients: 1792
  Vector rejection prob: 0.3365
  Expected attempts (z only): 1.51

Effect of γ1 on Expected Attempts:

(Fixed: β = 196, n = 256, l = 5)

| γ1 | β/γ1 | Vector Reject | E[attempts] |
|----------|---------|---------------|-------------|
|   262144 | 0.000748 | 0.6161 | 2.60 |
|   524288 | 0.000374 | 0.3804 | 1.61 |
|  1048576 | 0.000187 | 0.2128 | 1.27 |
|  2097152 | 0.000093 | 0.1128 | 1.13 |

Key insight: Larger γ1 reduces rejections but increases signature size
(more bits needed to encode z coefficients).
