=== Module-LWE Public Key Encryption (K-PKE) ===

--- Basic Encryption/Decryption Test ---

K-PKE KeyGen complete
  Secret key s[0][0..3]: 1, 1, 1, 1
  Public key t[0][0..3]: 549, 2200, 555, 2895

Original message: "Hello, Post-Quantum World!!"
  Hex: 48656C6C6F2C20506F73742D5175616E74756D20576F726C6421210000000000
K-PKE Encrypt complete
  Ciphertext u[0][0..3]: 1491, 1289, 1524, 1945
  Ciphertext v[0..3]: 3239, 2486, 2607, 1502
K-PKE Decrypt complete
  Intermediate v - s^T*u [0..3]: 3, 1, 3, 1666

Recovered message: "Hello, Post-Quantum World!!"
  Hex: 48656C6C6F2C20506F73742D5175616E74756D20576F726C6421210000000000

Decryption CORRECT!

=== Demonstrating CPA-Only Limitation (Malleability) ===

K-PKE KeyGen complete
  Secret key s[0][0..3]: 1, 1, 1, 1
  Public key t[0][0..3]: 549, 2200, 555, 2895

Original message (first 8 bytes): AB CD EF 01 23 45 67 89 
K-PKE Encrypt complete
  Ciphertext u[0][0..3]: 1491, 1289, 1524, 1945
  Ciphertext v[0..3]: 1575, 822, 2607, 1502
K-PKE Decrypt complete
  Intermediate v - s^T*u [0..3]: 1668, 1666, 3, 1666
Decrypted message (first 8 bytes): AB CD EF 01 23 45 67 89 

--- Malleability Attack ---
Attacker modifies ciphertext to flip bit 0...
K-PKE Decrypt complete
  Intermediate v - s^T*u [0..3]: 4, 1666, 3, 1666
Decrypted modified ciphertext: AA CD EF 01 23 45 67 89 

Original byte 0: 0xAB = 10101011b
Attacked byte 0: 0xAA = 10101010b
Bit 0 was flipped: 1 → 0

*** This attack is why we need the FO transform for CCA security! ***

=== K-PKE Size Summary (ML-KEM-768-like) ===
Public key:  1184 bytes (32 seed + 1152 for t)
Secret key:  1152 bytes (s vector)
Ciphertext:  1088 bytes (960 for u + 128 for v)
Message:     32 bytes (256 bits)

Note: Real ML-KEM uses compression to achieve these sizes.
This educational implementation doesn't include compression.

=== RESULT: PASS ===
